LTspice 26.0.1 for Windows
Circuit: Z:\mnt\exfat\Universidad\6_semestre\Electronica de potencia\Examen 1\Esquematico\TDC_tiristores.net
Start Time: Mon Mar 23 11:54:30 2026
solver = Normal
Maximum thread count: 8
tnom = 27
temp = 27
method = trap
WARNING: Node n005 is floating.

Direct Newton iteration failed to find operating point.
Starting Gmin stepping
Gmin stepping failed to find operating point. Use".option gminsteps=0" to skip all Gmin stepping.
Starting source stepping with srcstepmethod=0
Source stepping succeeded in finding the operating point.

Total elapsed time: 1.452 seconds.

Files loaded:
Z:\mnt\exfat\Universidad\6_semestre\Electronica de potencia\Examen 1\Esquematico\TDC_tiristores.net
C:\users\rober\AppData\Local\LTspice\lib\cmp\standard.dio
C:\users\rober\AppData\Local\LTspice\lib\cmp\standard.bjt
C:\users\rober\AppData\Local\LTspice\lib\sub\ADTL084.lib

